../Core/NDEF/source/message/ndef_type_vcard.c:103:6:ndefBufferMatch	16	static
../Core/NDEF/source/message/ndef_type_vcard.c:129:19:ndefBufferFind	40	static
../Core/NDEF/source/message/ndef_type_vcard.c:160:19:ndefVCardGetPropertyType	32	static
../Core/NDEF/source/message/ndef_type_vcard.c:193:19:ndefVCardGetPropertySubtype	32	static
../Core/NDEF/source/message/ndef_type_vcard.c:233:19:ndefVCardGetPropertyEOL	24	static
../Core/NDEF/source/message/ndef_type_vcard.c:271:19:ndefVCardGetPropertyValue	32	static
../Core/NDEF/source/message/ndef_type_vcard.c:306:12:ndefVCardParseProperty	32	static
../Core/NDEF/source/message/ndef_type_vcard.c:341:12:ndefVCardSetProperty	48	static
../Core/NDEF/source/message/ndef_type_vcard.c:396:12:ndefVCardGetProperty	48	static
../Core/NDEF/source/message/ndef_type_vcard.c:435:17:ndefVCardPayloadGetLength	32	static
../Core/NDEF/source/message/ndef_type_vcard.c:457:12:ndefVCardReset	24	static
../Core/NDEF/source/message/ndef_type_vcard.c:476:23:ndefVCardToPayloadItem	32	static
../Core/NDEF/source/message/ndef_type_vcard.c:512:12:ndefVCardInit	24	static
../Core/NDEF/source/message/ndef_type_vcard.c:535:12:ndefGetVCard	24	static
../Core/NDEF/source/message/ndef_type_vcard.c:555:19:ndefVCardGetLine	24	static
../Core/NDEF/source/message/ndef_type_vcard.c:596:19:ndefPayloadToVcard	48	static
../Core/NDEF/source/message/ndef_type_vcard.c:677:12:ndefRecordToVCard	24	static
../Core/NDEF/source/message/ndef_type_vcard.c:703:12:ndefVCardToRecord	16	static
