../Core/NDEF/source/message/ndef_type_tnep.c:112:17:ndefRtdTnepServiceParameterGetPayloadLength	24	static
../Core/NDEF/source/message/ndef_type_tnep.c:134:23:ndefRtdTnepServiceParameterToPayloadItem	32	static
../Core/NDEF/source/message/ndef_type_tnep.c:226:12:ndefRtdTnepServiceParameterInit	32	static
../Core/NDEF/source/message/ndef_type_tnep.c:257:12:ndefGetRtdTnepServiceParameter	32	static
../Core/NDEF/source/message/ndef_type_tnep.c:283:19:ndefPayloadToRtdTnepServiceParameter	56	static
../Core/NDEF/source/message/ndef_type_tnep.c:314:12:ndefRecordToRtdTnepServiceParameter	24	static
../Core/NDEF/source/message/ndef_type_tnep.c:345:12:ndefRtdTnepServiceParameterToRecord	16	static
../Core/NDEF/source/message/ndef_type_tnep.c:370:17:ndefRtdTnepServiceSelectGetPayloadLength	24	static
../Core/NDEF/source/message/ndef_type_tnep.c:386:23:ndefRtdTnepServiceSelectToPayloadItem	32	static
../Core/NDEF/source/message/ndef_type_tnep.c:432:12:ndefRtdTnepServiceSelectInit	24	static
../Core/NDEF/source/message/ndef_type_tnep.c:457:12:ndefGetRtdTnepServiceSelect	24	static
../Core/NDEF/source/message/ndef_type_tnep.c:477:19:ndefPayloadToRtdTnepServiceSelect	24	static
../Core/NDEF/source/message/ndef_type_tnep.c:496:12:ndefRecordToRtdTnepServiceSelect	24	static
../Core/NDEF/source/message/ndef_type_tnep.c:527:12:ndefRtdTnepServiceSelectToRecord	16	static
../Core/NDEF/source/message/ndef_type_tnep.c:552:17:ndefRtdTnepStatusGetPayloadLength	16	static
../Core/NDEF/source/message/ndef_type_tnep.c:564:23:ndefRtdTnepStatusToPayloadItem	32	static
../Core/NDEF/source/message/ndef_type_tnep.c:603:12:ndefRtdTnepStatusInit	24	static
../Core/NDEF/source/message/ndef_type_tnep.c:625:12:ndefGetRtdTnepStatus	24	static
../Core/NDEF/source/message/ndef_type_tnep.c:644:19:ndefPayloadToRtdTnepStatus	24	static
../Core/NDEF/source/message/ndef_type_tnep.c:662:12:ndefRecordToRtdTnepStatus	24	static
../Core/NDEF/source/message/ndef_type_tnep.c:693:12:ndefRtdTnepStatusToRecord	16	static
