../Core/NDEF/source/message/ndef_type_wlc.c:205:17:ndefRtdWlcCapabilityGetPayloadLength	16	static
../Core/NDEF/source/message/ndef_type_wlc.c:217:23:ndefRtdWlcCapabilityGetPayloadItem	32	static
../Core/NDEF/source/message/ndef_type_wlc.c:285:12:ndefRtdWlcCapabilityInit	24	static
../Core/NDEF/source/message/ndef_type_wlc.c:307:12:ndefGetRtdWlcCapability	24	static
../Core/NDEF/source/message/ndef_type_wlc.c:326:19:ndefPayloadToRtdWlcCapability	24	static
../Core/NDEF/source/message/ndef_type_wlc.c:368:12:ndefRecordToRtdWlcCapability	24	static
../Core/NDEF/source/message/ndef_type_wlc.c:395:12:ndefRtdWlcCapabilityToRecord	16	static
../Core/NDEF/source/message/ndef_type_wlc.c:425:17:ndefRtdWlcStatusInfoGetPayloadLength	32	static
../Core/NDEF/source/message/ndef_type_wlc.c:452:23:ndefRtdWlcStatusInfoGetPayloadItem	32	static
../Core/NDEF/source/message/ndef_type_wlc.c:554:12:ndefRtdWlcStatusInfoInit	24	static
../Core/NDEF/source/message/ndef_type_wlc.c:576:12:ndefGetRtdWlcStatusInfo	24	static
../Core/NDEF/source/message/ndef_type_wlc.c:595:19:ndefPayloadToRtdWlcStatusInfo	32	static
../Core/NDEF/source/message/ndef_type_wlc.c:687:12:ndefRecordToRtdWlcStatusInfo	24	static
../Core/NDEF/source/message/ndef_type_wlc.c:714:12:ndefRtdWlcStatusInfoToRecord	16	static
../Core/NDEF/source/message/ndef_type_wlc.c:744:17:ndefRtdWlcPollInfoGetPayloadLength	16	static
../Core/NDEF/source/message/ndef_type_wlc.c:756:23:ndefRtdWlcPollInfoGetPayloadItem	32	static
../Core/NDEF/source/message/ndef_type_wlc.c:818:12:ndefRtdWlcPollInfoInit	24	static
../Core/NDEF/source/message/ndef_type_wlc.c:840:12:ndefGetRtdWlcPollInfo	24	static
../Core/NDEF/source/message/ndef_type_wlc.c:859:19:ndefPayloadToRtdWlcPollInfo	24	static
../Core/NDEF/source/message/ndef_type_wlc.c:894:12:ndefRecordToRtdWlcPollInfo	24	static
../Core/NDEF/source/message/ndef_type_wlc.c:921:12:ndefRtdWlcPollInfoToRecord	16	static
../Core/NDEF/source/message/ndef_type_wlc.c:951:17:ndefRtdWlcListenCtlGetPayloadLength	24	static
../Core/NDEF/source/message/ndef_type_wlc.c:972:23:ndefRtdWlcListenCtlGetPayloadItem	32	static
../Core/NDEF/source/message/ndef_type_wlc.c:1059:12:ndefRtdWlcListenCtlInit	24	static
../Core/NDEF/source/message/ndef_type_wlc.c:1081:12:ndefGetRtdWlcListenCtl	24	static
../Core/NDEF/source/message/ndef_type_wlc.c:1100:19:ndefPayloadToRtdWlcListenCtl	32	static
../Core/NDEF/source/message/ndef_type_wlc.c:1157:12:ndefRecordToRtdWlcListenCtl	24	static
../Core/NDEF/source/message/ndef_type_wlc.c:1184:12:ndefRtdWlcListenCtlToRecord	16	static
