../Core/NDEF/source/message/ndef_type_bluetooth.c:130:9:ndefBluetoothEirLength	24	static
../Core/NDEF/source/message/ndef_type_bluetooth.c:150:9:ndefBluetoothEirDataLength	24	static
../Core/NDEF/source/message/ndef_type_bluetooth.c:169:9:ndefBluetoothEirType	24	static
../Core/NDEF/source/message/ndef_type_bluetooth.c:183:16:ndefBluetoothEirData	24	static
../Core/NDEF/source/message/ndef_type_bluetooth.c:197:12:ndefBluetoothEirDataToBuffer	16	static
../Core/NDEF/source/message/ndef_type_bluetooth.c:212:12:ndefBluetoothSetEir	32	static
../Core/NDEF/source/message/ndef_type_bluetooth.c:245:16:ndefBluetoothGetEir	24	static
../Core/NDEF/source/message/ndef_type_bluetooth.c:267:17:NDEF_BluetoothReverse	32	static
../Core/NDEF/source/message/ndef_type_bluetooth.c:284:12:ndefBluetoothGetEirData	32	static
../Core/NDEF/source/message/ndef_type_bluetooth.c:298:12:ndefBluetoothGetEirDataReversed	40	static
../Core/NDEF/source/message/ndef_type_bluetooth.c:323:17:ndefBluetoothPayloadGetLength	32	static
../Core/NDEF/source/message/ndef_type_bluetooth.c:368:12:ndefBluetoothReset	32	static
../Core/NDEF/source/message/ndef_type_bluetooth.c:391:23:ndefBluetoothToPayloadItem	32	static
../Core/NDEF/source/message/ndef_type_bluetooth.c:475:19:ndefBluetoothInit	24	static
../Core/NDEF/source/message/ndef_type_bluetooth.c:498:12:ndefBluetoothBrEdrInit	16	static
../Core/NDEF/source/message/ndef_type_bluetooth.c:513:12:ndefBluetoothLeInit	16	static
../Core/NDEF/source/message/ndef_type_bluetooth.c:528:12:ndefBluetoothSecureBrEdrInit	16	static
../Core/NDEF/source/message/ndef_type_bluetooth.c:543:12:ndefBluetoothSecureLeInit	16	static
../Core/NDEF/source/message/ndef_type_bluetooth.c:558:12:ndefGetBluetooth	24	static
../Core/NDEF/source/message/ndef_type_bluetooth.c:582:17:ndefBluetoothEirRefLength	24	static
../Core/NDEF/source/message/ndef_type_bluetooth.c:624:19:ndefPayloadToBluetooth	56	static
../Core/NDEF/source/message/ndef_type_bluetooth.c:715:12:ndefRecordToBluetooth	24	static
../Core/NDEF/source/message/ndef_type_bluetooth.c:766:12:ndefBluetoothToRecord	16	static
