../Core/NDEF/source/poller/ndef_t2t.c:159:19:ndefT2TPollerReadBlock	40	static
../Core/NDEF/source/poller/ndef_t2t.c:203:12:ndefT2TPollerReadBytes	48	static
../Core/NDEF/source/poller/ndef_t2t.c:289:19:ndefT2TPollerSplitIntoAvailableAreas	40	static
../Core/NDEF/source/poller/ndef_t2t.c:326:19:ndefT2TPollerReadBytesFromAvailableAreas	56	static
../Core/NDEF/source/poller/ndef_t2t.c:366:19:ndefT2TReadLField	40	static
../Core/NDEF/source/poller/ndef_t2t.c:430:12:ndefT2TPollerContextInitialization	16	static
../Core/NDEF/source/poller/ndef_t2t.c:448:12:ndefT2TPollerNdefDetect	72	static
../Core/NDEF/source/poller/ndef_t2t.c:709:12:ndefT2TPollerReadRawMessage	40	static
../Core/NDEF/source/poller/ndef_t2t.c:754:19:ndefT2TPollerWriteBlock	32	static
../Core/NDEF/source/poller/ndef_t2t.c:790:12:ndefT2TPollerWriteBytes	64	static
../Core/NDEF/source/poller/ndef_t2t.c:875:19:ndefT2TPollerWriteBytesToAvailableAreas	72	static
../Core/NDEF/source/poller/ndef_t2t.c:925:12:ndefT2TPollerWriteRawMessageLen	48	static
../Core/NDEF/source/poller/ndef_t2t.c:981:12:ndefT2TPollerWriteRawMessage	48	static
../Core/NDEF/source/poller/ndef_t2t.c:1043:12:ndefT2TPollerTagFormat	40	static
../Core/NDEF/source/poller/ndef_t2t.c:1098:12:ndefT2TPollerCheckPresence	24	static
../Core/NDEF/source/poller/ndef_t2t.c:1120:12:ndefT2TPollerCheckAvailableSpace	24	static
../Core/NDEF/source/poller/ndef_t2t.c:1144:12:ndefT2TPollerBeginWriteMessage	24	static
../Core/NDEF/source/poller/ndef_t2t.c:1179:12:ndefT2TPollerEndWriteMessage	32	static
../Core/NDEF/source/poller/ndef_t2t.c:1207:12:ndefT2TPollerSetReadOnly	96	static
