../Core/NDEF/source/poller/ndef_t5t.c:135:12:ndefT5TPollerSetAccessMode	16	static
../Core/NDEF/source/poller/ndef_t5t.c:158:19:ndefT5TReadLField	40	static
../Core/NDEF/source/poller/ndef_t5t.c:213:12:ndefT5TPollerContextInitialization	24	static
../Core/NDEF/source/poller/ndef_t5t.c:277:12:ndefT5TPollerNdefDetect	48	static
../Core/NDEF/source/poller/ndef_t5t.c:478:12:ndefT5TPollerReadRawMessage	40	static
../Core/NDEF/source/poller/ndef_t5t.c:520:12:ndefT5TPollerWriteRawMessageLen	56	static
../Core/NDEF/source/poller/ndef_t5t.c:577:12:ndefT5TPollerWriteRawMessage	48	static
../Core/NDEF/source/poller/ndef_t5t.c:636:19:ndefT5TWriteCC	32	static
../Core/NDEF/source/poller/ndef_t5t.c:682:12:ndefT5TPollerTagFormat	40	static
../Core/NDEF/source/poller/ndef_t5t.c:791:12:ndefT5TPollerCheckPresence	24	static
../Core/NDEF/source/poller/ndef_t5t.c:807:12:ndefT5TPollerCheckAvailableSpace	24	static
../Core/NDEF/source/poller/ndef_t5t.c:831:12:ndefT5TPollerBeginWriteMessage	24	static
../Core/NDEF/source/poller/ndef_t5t.c:865:12:ndefT5TPollerEndWriteMessage	32	static
../Core/NDEF/source/poller/ndef_t5t.c:894:12:ndefT5TPollerSetReadOnly	24	static
