../Core/NDEF/source/poller/ndef_t5t_rf.c:131:6:ndefT5TisSTDevice	16	static
../Core/NDEF/source/poller/ndef_t5t_rf.c:143:6:ndefT5TisT5TDevice	16	static
../Core/NDEF/source/poller/ndef_t5t_rf.c:155:12:ndefT5TPollerAccessMode	32	static
../Core/NDEF/source/poller/ndef_t5t_rf.c:202:9:ndefT5TGetBlockLength	32	static
../Core/NDEF/source/poller/ndef_t5t_rf.c:244:12:ndefT5TGetMemoryConfig	16	static
../Core/NDEF/source/poller/ndef_t5t_rf.c:273:19:ndefT5TGetSystemInformation	72	static
../Core/NDEF/source/poller/ndef_t5t_rf.c:374:6:ndefT5TIsMultipleBlockReadSupported	32	static
../Core/NDEF/source/poller/ndef_t5t_rf.c:391:12:ndefT5TPollerReadBytes	56	static
../Core/NDEF/source/poller/ndef_t5t_rf.c:496:19:ndefT5TPollerReadSingleBlock	48	static
../Core/NDEF/source/poller/ndef_t5t_rf.c:560:19:ndefT5TPollerReadMultipleBlocks	56	static
../Core/NDEF/source/poller/ndef_t5t_rf.c:611:12:ndefT5TPollerWriteBytes	56	static
../Core/NDEF/source/poller/ndef_t5t_rf.c:730:12:ndefT5TIsDevicePresent	32	static
../Core/NDEF/source/poller/ndef_t5t_rf.c:752:19:ndefT5TPollerWriteSingleBlock	48	static
../Core/NDEF/source/poller/ndef_t5t_rf.c:803:19:ndefT5TPollerLockSingleBlock	32	static
../Core/NDEF/source/poller/ndef_t5t_rf.c:841:12:ndefT5TLockDevice	32	static
