../Core/NDEF/source/poller/ndef_t3t.c:129:19:ndefT3TPollerReadBlocks	64	static
../Core/NDEF/source/poller/ndef_t3t.c:185:12:ndefT3TPollerReadBytes	64	static
../Core/NDEF/source/poller/ndef_t3t.c:296:19:ndefT3TPollerReadAttributeInformationBlock	40	static
../Core/NDEF/source/poller/ndef_t3t.c:342:12:ndefT3TPollerContextInitialization	16	static
../Core/NDEF/source/poller/ndef_t3t.c:360:12:ndefT3TPollerNdefDetect	56	static
../Core/NDEF/source/poller/ndef_t3t.c:446:12:ndefT3TPollerReadRawMessage	40	static
../Core/NDEF/source/poller/ndef_t3t.c:517:19:ndefT3TPollerWriteBlocks	80	static
../Core/NDEF/source/poller/ndef_t3t.c:549:12:ndefT3TPollerWriteBytes	80	static
../Core/NDEF/source/poller/ndef_t3t.c:664:19:ndefT3TPollerWriteAttributeInformationBlock	32	static
../Core/NDEF/source/poller/ndef_t3t.c:730:12:ndefT3TPollerWriteRawMessage	40	static
../Core/NDEF/source/poller/ndef_t3t.c:788:12:ndefT3TPollerTagFormat	64	static
../Core/NDEF/source/poller/ndef_t3t.c:830:12:ndefT3TPollerCheckPresence	32	static
../Core/NDEF/source/poller/ndef_t3t.c:845:12:ndefT3TPollerCheckAvailableSpace	16	static
../Core/NDEF/source/poller/ndef_t3t.c:864:12:ndefT3TPollerBeginWriteMessage	24	static
../Core/NDEF/source/poller/ndef_t3t.c:892:12:ndefT3TPollerEndWriteMessage	32	static
../Core/NDEF/source/poller/ndef_t3t.c:922:12:ndefT3TPollerWriteRawMessageLen	24	static
../Core/NDEF/source/poller/ndef_t3t.c:939:12:ndefT3TPollerSetReadOnly	24	static
