../Core/RFAL/source/rfal_nfcDep.c:498:13:nfcipDxIsSupported	24	static
../Core/RFAL/source/rfal_nfcDep.c:521:19:nfcipTxRx	40	static
../Core/RFAL/source/rfal_nfcDep.c:560:19:nfcipDEPControlMsg	56	static
../Core/RFAL/source/rfal_nfcDep.c:584:13:nfcipClearCounters	4	static
../Core/RFAL/source/rfal_nfcDep.c:594:19:nfcipInitiatorHandleDEP	32	static
../Core/RFAL/source/rfal_nfcDep.c:973:19:nfcipTargetHandleRX	56	static
../Core/RFAL/source/rfal_nfcDep.c:1384:19:nfcipTx	40	static
../Core/RFAL/source/rfal_nfcDep.c:1554:13:nfcipConfig	16	static
../Core/RFAL/source/rfal_nfcDep.c:1572:19:nfcipRun	40	static
../Core/RFAL/source/rfal_nfcDep.c:1712:6:rfalNfcDepSetDeactivatingCallback	16	static
../Core/RFAL/source/rfal_nfcDep.c:1719:6:rfalNfcDepInitialize	8	static
../Core/RFAL/source/rfal_nfcDep.c:1765:13:nfcipSetDEPParams	16	static
../Core/RFAL/source/rfal_nfcDep.c:1820:6:rfalNfcDepTargetRcvdATR	4	static
../Core/RFAL/source/rfal_nfcDep.c:1827:6:rfalNfcDepIsAtrReq	32	static
../Core/RFAL/source/rfal_nfcDep.c:1859:19:nfcipTargetHandleActivation	40	static
../Core/RFAL/source/rfal_nfcDep.c:1989:12:rfalNfcDepATR	264	static
../Core/RFAL/source/rfal_nfcDep.c:2075:12:rfalNfcDepPSL	56	static
../Core/RFAL/source/rfal_nfcDep.c:2125:12:rfalNfcDepDSL	48	static
../Core/RFAL/source/rfal_nfcDep.c:2172:12:rfalNfcDepRLS	48	static
../Core/RFAL/source/rfal_nfcDep.c:2219:12:rfalNfcDepInitiatorHandleActivation	32	static
../Core/RFAL/source/rfal_nfcDep.c:2364:10:rfalNfcDepCalculateRWT	24	static
../Core/RFAL/source/rfal_nfcDep.c:2376:19:nfcipDataTx	48	static
../Core/RFAL/source/rfal_nfcDep.c:2383:19:nfcipDataRx	24	static
../Core/RFAL/source/rfal_nfcDep.c:2420:12:rfalNfcDepListenStartActivation	120	static
../Core/RFAL/source/rfal_nfcDep.c:2511:12:rfalNfcDepListenGetActivationStatus	32	static
../Core/RFAL/source/rfal_nfcDep.c:2556:12:rfalNfcDepStartTransceive	48	static
../Core/RFAL/source/rfal_nfcDep.c:2582:12:rfalNfcDepGetTransceiveStatus	8	static
../Core/RFAL/source/rfal_nfcDep.c:2602:14:rfalNfcDepPdu2BLockParam	16	static
../Core/RFAL/source/rfal_nfcDep.c:2638:12:rfalNfcDepStartPduTransceive	80	static
../Core/RFAL/source/rfal_nfcDep.c:2655:12:rfalNfcDepGetPduTransceiveStatus	88	static
