../Core/RFAL/source/rfal_nfcv.c:171:19:rfalNfcvParseError	16	static
../Core/RFAL/source/rfal_nfcv.c:197:12:rfalNfcvPollerInitialize	16	static
../Core/RFAL/source/rfal_nfcv.c:212:12:rfalNfcvPollerCheckPresence	32	static
../Core/RFAL/source/rfal_nfcv.c:229:12:rfalNfcvPollerInventory	56	static
../Core/RFAL/source/rfal_nfcv.c:270:12:rfalNfcvPollerCollisionResolution	192	static
../Core/RFAL/source/rfal_nfcv.c:427:12:rfalNfcvPollerSleepCollisionResolution	32	static
../Core/RFAL/source/rfal_nfcv.c:458:12:rfalNfcvPollerSleep	48	static
../Core/RFAL/source/rfal_nfcv.c:485:12:rfalNfcvPollerSelect	88	static
../Core/RFAL/source/rfal_nfcv.c:499:12:rfalNfcvPollerReadSingleBlock	56	static
../Core/RFAL/source/rfal_nfcv.c:509:12:rfalNfcvPollerWriteSingleBlock	128	static
../Core/RFAL/source/rfal_nfcv.c:533:12:rfalNfcvPollerLockBlock	88	static
../Core/RFAL/source/rfal_nfcv.c:545:12:rfalNfcvPollerReadMultipleBlocks	48	static
../Core/RFAL/source/rfal_nfcv.c:560:12:rfalNfcvPollerWriteMultipleBlocks	88	static
../Core/RFAL/source/rfal_nfcv.c:623:12:rfalNfcvPollerExtendedReadSingleBlock	56	static
../Core/RFAL/source/rfal_nfcv.c:639:12:rfalNfcvPollerExtendedWriteSingleBlock	128	static
../Core/RFAL/source/rfal_nfcv.c:664:12:rfalNfcvPollerExtendedLockSingleBlock	88	static
../Core/RFAL/source/rfal_nfcv.c:681:12:rfalNfcvPollerExtendedReadMultipleBlocks	56	static
../Core/RFAL/source/rfal_nfcv.c:698:12:rfalNfcvPollerExtendedWriteMultipleBlocks	96	static
../Core/RFAL/source/rfal_nfcv.c:765:12:rfalNfcvPollerGetSystemInformation	48	static
../Core/RFAL/source/rfal_nfcv.c:771:12:rfalNfcvPollerExtendedGetSystemInformation	48	static
../Core/RFAL/source/rfal_nfcv.c:777:12:rfalNfcvPollerTransceiveReq	88	static
