../Core/RFAL/source/rfal_nfc.c:151:12:rfalNfcInitialize	16	static
../Core/RFAL/source/rfal_nfc.c:177:12:rfalNfcDiscover	16	static
../Core/RFAL/source/rfal_nfc.c:255:12:rfalNfcDeactivate	24	static
../Core/RFAL/source/rfal_nfc.c:291:12:rfalNfcSelect	16	static
../Core/RFAL/source/rfal_nfc.c:307:14:rfalNfcGetState	4	static
../Core/RFAL/source/rfal_nfc.c:313:12:rfalNfcGetDevicesFound	16	static
../Core/RFAL/source/rfal_nfc.c:334:12:rfalNfcGetActiveDevice	16	static
../Core/RFAL/source/rfal_nfc.c:360:6:rfalNfcWorker	32	static
../Core/RFAL/source/rfal_nfc.c:632:12:rfalNfcDataExchangeStart	128	static
../Core/RFAL/source/rfal_nfc.c:769:12:rfalNfcDataExchangeGetStatus	8	static
../Core/RFAL/source/rfal_nfc.c:864:19:rfalNfcPollTechDetetection	24	static
../Core/RFAL/source/rfal_nfc.c:1190:19:rfalNfcPollCollResolution	88	static
../Core/RFAL/source/rfal_nfc.c:1506:19:rfalNfcPollActivation	48	static
../Core/RFAL/source/rfal_nfc.c:1874:19:rfalNfcListenActivation	80	static
../Core/RFAL/source/rfal_nfc.c:2083:19:rfalNfcNfcDepActivate	168	static
../Core/RFAL/source/rfal_nfc.c:2181:19:rfalNfcDeactivation	16	static
