../Core/RFAL/source/rfal_st25xv.c:104:19:rfalST25xVPollerGenericReadConfiguration	88	static
../Core/RFAL/source/rfal_st25xv.c:134:19:rfalST25xVPollerGenericWriteConfiguration	88	static
../Core/RFAL/source/rfal_st25xv.c:151:19:rfalST25xVPollerGenericReadMessageLength	96	static
../Core/RFAL/source/rfal_st25xv.c:178:19:rfalST25xVPollerGenericReadMessage	48	static
../Core/RFAL/source/rfal_st25xv.c:193:19:rfalST25xVPollerGenericWriteMessage	88	static
../Core/RFAL/source/rfal_st25xv.c:280:12:rfalST25xVPollerM24LRReadSingleBlock	56	static
../Core/RFAL/source/rfal_st25xv.c:295:12:rfalST25xVPollerM24LRWriteSingleBlock	128	static
../Core/RFAL/source/rfal_st25xv.c:320:12:rfalST25xVPollerM24LRReadMultipleBlocks	48	static
../Core/RFAL/source/rfal_st25xv.c:336:12:rfalST25xVPollerFastReadSingleBlock	56	static
../Core/RFAL/source/rfal_st25xv.c:346:12:rfalST25xVPollerM24LRFastReadSingleBlock	56	static
../Core/RFAL/source/rfal_st25xv.c:361:12:rfalST25xVPollerM24LRFastReadMultipleBlocks	48	static
../Core/RFAL/source/rfal_st25xv.c:377:12:rfalST25xVPollerFastReadMultipleBlocks	48	static
../Core/RFAL/source/rfal_st25xv.c:392:12:rfalST25xVPollerFastExtendedReadSingleBlock	56	static
../Core/RFAL/source/rfal_st25xv.c:407:12:rfalST25xVPollerFastExtReadMultipleBlocks	56	static
../Core/RFAL/source/rfal_st25xv.c:424:12:rfalST25xVPollerReadConfiguration	32	static
../Core/RFAL/source/rfal_st25xv.c:430:12:rfalST25xVPollerWriteConfiguration	24	static
../Core/RFAL/source/rfal_st25xv.c:436:12:rfalST25xVPollerReadDynamicConfiguration	32	static
../Core/RFAL/source/rfal_st25xv.c:442:12:rfalST25xVPollerWriteDynamicConfiguration	24	static
../Core/RFAL/source/rfal_st25xv.c:448:12:rfalST25xVPollerFastReadDynamicConfiguration	32	static
../Core/RFAL/source/rfal_st25xv.c:454:12:rfalST25xVPollerFastWriteDynamicConfiguration	24	static
../Core/RFAL/source/rfal_st25xv.c:460:12:rfalST25xVPollerPresentPassword	104	static
../Core/RFAL/source/rfal_st25xv.c:485:12:rfalST25xVPollerWritePassword	104	static
../Core/RFAL/source/rfal_st25xv.c:510:12:rfalST25xVPollerGetRandomNumber	48	static
../Core/RFAL/source/rfal_st25xv.c:521:12:rfalST25xVPollerWriteMessage	40	static
../Core/RFAL/source/rfal_st25xv.c:527:12:rfalST25xVPollerFastWriteMessage	40	static
../Core/RFAL/source/rfal_st25xv.c:533:12:rfalST25xVPollerReadMessageLength	24	static
../Core/RFAL/source/rfal_st25xv.c:539:12:rfalST25xVPollerFastReadMsgLength	24	static
../Core/RFAL/source/rfal_st25xv.c:545:12:rfalST25xVPollerReadMessage	32	static
../Core/RFAL/source/rfal_st25xv.c:551:12:rfalST25xVPollerFastReadMessage	32	static
