../Core/RFAL/source/rfal_st25tb.c:161:13:rfalSt25tbPollerDoCollisionResolution	32	static
../Core/RFAL/source/rfal_st25tb.c:241:12:rfalSt25tbPollerInitialize	8	static
../Core/RFAL/source/rfal_st25tb.c:248:12:rfalSt25tbPollerCheckPresence	24	static
../Core/RFAL/source/rfal_st25tb.c:275:12:rfalSt25tbPollerInitiate	48	static
../Core/RFAL/source/rfal_st25tb.c:306:12:rfalSt25tbPollerPcall	40	static
../Core/RFAL/source/rfal_st25tb.c:330:12:rfalSt25tbPollerSlotMarker	40	static
../Core/RFAL/source/rfal_st25tb.c:359:12:rfalSt25tbPollerSelect	48	static
../Core/RFAL/source/rfal_st25tb.c:384:12:rfalSt25tbPollerGetUID	40	static
../Core/RFAL/source/rfal_st25tb.c:408:12:rfalSt25tbPollerCollisionResolution	32	static
../Core/RFAL/source/rfal_st25tb.c:459:12:rfalSt25tbPollerReadBlock	40	static
../Core/RFAL/source/rfal_st25tb.c:484:12:rfalSt25tbPollerWriteBlock	48	static
../Core/RFAL/source/rfal_st25tb.c:535:12:rfalSt25tbPollerCompletion	32	static
../Core/RFAL/source/rfal_st25tb.c:548:12:rfalSt25tbPollerResetToInventory	32	static
