../Core/RFAL/source/rfal_isoDep.c:490:13:rfalIsoDepClearCounters	4	static
../Core/RFAL/source/rfal_isoDep.c:500:19:rfalIsoDepTx	64	static
../Core/RFAL/source/rfal_isoDep.c:557:19:rfalIsoDepHandleControlMsg	32	static
../Core/RFAL/source/rfal_isoDep.c:648:19:rfalIsoDepReSendControlMsg	8	static
../Core/RFAL/source/rfal_isoDep.c:682:6:rfalIsoDepInitialize	8	static
../Core/RFAL/source/rfal_isoDep.c:728:6:rfalIsoDepInitializeWithParams	24	static
../Core/RFAL/source/rfal_isoDep.c:750:19:rfalIsoDepDataExchangePCD	40	static
../Core/RFAL/source/rfal_isoDep.c:1037:12:rfalIsoDepDeselect	16	static
../Core/RFAL/source/rfal_isoDep.c:1049:12:rfalIsoDepStartDeselect	8	static
../Core/RFAL/source/rfal_isoDep.c:1067:12:rfalIsoDepGetDeselectStatus	16	static
../Core/RFAL/source/rfal_isoDep.c:1082:10:rfalIsoDepFWI2FWT	24	static
../Core/RFAL/source/rfal_isoDep.c:1108:10:rfalIsoDepFSxI2FSx	24	static
../Core/RFAL/source/rfal_isoDep.c:1140:6:rfalIsoDepIsRats	16	static
../Core/RFAL/source/rfal_isoDep.c:1154:6:rfalIsoDepIsAttrib	16	static
../Core/RFAL/source/rfal_isoDep.c:1171:12:rfalIsoDepListenStartActivation	64	static
../Core/RFAL/source/rfal_isoDep.c:1308:12:rfalIsoDepListenGetActivationStatus	40	static
../Core/RFAL/source/rfal_isoDep.c:1463:10:rfalIsoDepGetMaxInfLen	16	static
../Core/RFAL/source/rfal_isoDep.c:1477:12:rfalIsoDepStartTransceive	8	static
../Core/RFAL/source/rfal_isoDep.c:1532:12:rfalIsoDepGetTransceiveStatus	8	static
../Core/RFAL/source/rfal_isoDep.c:1556:19:rfalIsoDepDataExchangePICC	40	static
../Core/RFAL/source/rfal_isoDep.c:1918:19:rfalIsoDepStartRATS	56	static
../Core/RFAL/source/rfal_isoDep.c:1942:19:rfalIsoDepGetRATSStatus	16	static
../Core/RFAL/source/rfal_isoDep.c:1972:12:rfalIsoDepRATS	32	static
../Core/RFAL/source/rfal_isoDep.c:1984:19:rfalIsoDepStartPPS	48	static
../Core/RFAL/source/rfal_isoDep.c:2007:19:rfalIsoDepGetPPSSTatus	16	static
../Core/RFAL/source/rfal_isoDep.c:2027:12:rfalIsoDepPPS	24	static
../Core/RFAL/source/rfal_isoDep.c:2042:19:rfalIsoDepStartATTRIB	48	static
../Core/RFAL/source/rfal_isoDep.c:2076:19:rfalIsoDepGetATTRIBStatus	16	static
../Core/RFAL/source/rfal_isoDep.c:2104:12:rfalIsoDepATTRIB	56	static
../Core/RFAL/source/rfal_isoDep.c:2120:12:rfalIsoDepPollAHandleActivation	24	static
../Core/RFAL/source/rfal_isoDep.c:2132:12:rfalIsoDepPollAStartActivation	24	static
../Core/RFAL/source/rfal_isoDep.c:2157:12:rfalIsoDepPollAGetActivationStatus	24	static
../Core/RFAL/source/rfal_isoDep.c:2340:12:rfalIsoDepPollBHandleActivation	48	static
../Core/RFAL/source/rfal_isoDep.c:2353:12:rfalIsoDepPollBStartActivation	72	static
../Core/RFAL/source/rfal_isoDep.c:2428:12:rfalIsoDepPollBGetActivationStatus	16	static
../Core/RFAL/source/rfal_isoDep.c:2485:12:rfalIsoDepPollHandleSParameters	64	static
../Core/RFAL/source/rfal_isoDep.c:2609:13:rfalIsoDepCalcBitRate	32	static
../Core/RFAL/source/rfal_isoDep.c:2678:17:rfalIsoDepSFGI2SFGT	24	static
../Core/RFAL/source/rfal_isoDep.c:2709:14:rfalIsoDepApdu2IBLockParam	16	static
../Core/RFAL/source/rfal_isoDep.c:2739:12:rfalIsoDepStartApduTransceive	96	static
../Core/RFAL/source/rfal_isoDep.c:2760:12:rfalIsoDepGetApduTransceiveStatus	96	static
