../Core/RFAL/source/rfal_nfcb.c:195:19:rfalNfcbCheckSensbRes	16	static
../Core/RFAL/source/rfal_nfcb.c:216:19:rfalNfcbPollerSleepTx	40	static
../Core/RFAL/source/rfal_nfcb.c:243:12:rfalNfcbPollerInitialize	16	static
../Core/RFAL/source/rfal_nfcb.c:262:12:rfalNfcbPollerInitializeWithParams	24	static
../Core/RFAL/source/rfal_nfcb.c:276:12:rfalNfcbPollerCheckPresence	32	static
../Core/RFAL/source/rfal_nfcb.c:288:12:rfalNfcbPollerStartCheckPresence	48	static
../Core/RFAL/source/rfal_nfcb.c:317:12:rfalNfcbPollerGetCheckPresenceStatus	16	static
../Core/RFAL/source/rfal_nfcb.c:344:12:rfalNfcbPollerSleep	48	static
../Core/RFAL/source/rfal_nfcb.c:372:12:rfalNfcbPollerSlotMarker	32	static
../Core/RFAL/source/rfal_nfcb.c:384:12:rfalNfcbPollerStartSlotMarker	48	static
../Core/RFAL/source/rfal_nfcb.c:406:12:rfalNfcbPollerGetSlotMarkerStatus	16	static
../Core/RFAL/source/rfal_nfcb.c:431:12:rfalNfcbPollerTechnologyDetection	24	static
../Core/RFAL/source/rfal_nfcb.c:438:12:rfalNfcbPollerStartTechnologyDetection	24	static
../Core/RFAL/source/rfal_nfcb.c:445:12:rfalNfcbPollerGetTechnologyDetectionStatus	8	static
../Core/RFAL/source/rfal_nfcb.c:452:12:rfalNfcbPollerCollisionResolution	32	static
../Core/RFAL/source/rfal_nfcb.c:464:12:rfalNfcbPollerSlottedCollisionResolution	48	static
../Core/RFAL/source/rfal_nfcb.c:476:12:rfalNfcbPollerStartCollisionResolution	40	static
../Core/RFAL/source/rfal_nfcb.c:483:12:rfalNfcbPollerStartSlottedCollisionResolution	16	static
../Core/RFAL/source/rfal_nfcb.c:515:12:rfalNfcbPollerGetCollisionResolutionStatus	24	static
../Core/RFAL/source/rfal_nfcb.c:716:10:rfalNfcbTR2ToFDT	24	static
