../Core/Src/ndef_dump.c:102:13:isPrintableASCII	24	static
../Core/Src/ndef_dump.c:122:12:ndefRecordDump	72	static
../Core/Src/ndef_dump.c:208:12:ndefMessageDump	24	static
../Core/Src/ndef_dump.c:242:12:ndefFlatPayloadTypeDump	16	static
../Core/Src/ndef_dump.c:258:12:ndefEmptyTypeDump	16	static
../Core/Src/ndef_dump.c:274:12:ndefRtdDeviceInfoDump	72	static
../Core/Src/ndef_dump.c:326:12:ndefRtdTextDump	40	static
../Core/Src/ndef_dump.c:351:12:ndefRtdUriDump	40	static
../Core/Src/ndef_dump.c:372:12:ndefRtdAarDump	32	static
../Core/Src/ndef_dump.c:391:12:ndefRtdWlcCapabilityDump	32	static
../Core/Src/ndef_dump.c:418:12:ndefRtdWlcStatusInfoDump	80	static
../Core/Src/ndef_dump.c:455:12:ndefRtdWlcInfoDump	32	static
../Core/Src/ndef_dump.c:479:12:ndefRtdWlcControlDump	32	static
../Core/Src/ndef_dump.c:511:12:ndefRtdWpcWlcDump	40	static
../Core/Src/ndef_dump.c:567:12:ndefRtdTnepServiceParamDump	56	static
../Core/Src/ndef_dump.c:595:12:ndefRtdTnepServiceSelectDump	32	static
../Core/Src/ndef_dump.c:613:12:ndefRtdTnepStatusDump	24	static
../Core/Src/ndef_dump.c:633:12:ndefMediaTypeDump	40	static
../Core/Src/ndef_dump.c:654:12:ndefBluetoothEirDump	176	static
../Core/Src/ndef_dump.c:677:12:ndefBluetoothDump	272	static
../Core/Src/ndef_dump.c:772:12:ndefMediaVCardDump	384	static
../Core/Src/ndef_dump.c:861:12:ndefMediaWifiDump	40	static
../Core/Src/ndef_dump.c:883:12:ndefTypeDump	24	static
../Core/Src/ndef_dump.c:959:12:ndefRecordDumpType	136	static
../Core/Src/ndef_dump.c:975:19:ndefBufferDumpLine	32	static
../Core/Src/ndef_dump.c:1016:12:ndefBufferDump	48	static
../Core/Src/ndef_dump.c:1060:12:ndefBufferPrint	32	static
../Core/Src/ndef_dump.c:1086:12:ndefBuffer8Print	32	static
