../Core/Src/NFCApp.c:122:6:NFCAppInit	24	static
../Core/Src/NFCApp.c:223:6:NFCAppTask	112	static
../Core/Src/NFCApp.c:439:6:NFCAppStop	8	static
../Core/Src/NFCApp.c:446:6:NFCP2P	200	static
../Core/Src/NFCApp.c:516:12:NFCTransceiveBlocking	40	static
../Core/Src/NFCApp.c:532:13:NFCNdef	504	static
../Core/Src/NFCApp.c:749:13:ndefT2TCCDump	56	static
../Core/Src/NFCApp.c:762:13:ndefT3TAIBDump	64	static
../Core/Src/NFCApp.c:774:13:ndefT4TCCDump	64	static
../Core/Src/NFCApp.c:786:13:ndefT5TCCDump	64	static
../Core/Src/NFCApp.c:801:13:ndefCCDump	16	static
../Core/Src/NFCApp.c:836:13:ndefDumpSysInfo	24	static
../Core/Src/NFCApp.c:899:13:ndefIsSTTag	24	static
../Core/Src/NFCApp.c:939:13:LedNotificationWriteDone	16	static
../Core/Src/NFCApp.c:954:13:ledsOn	8	static
../Core/Src/NFCApp.c:959:13:ledsOff	8	static
