../Core/RFAL/source/st25r3916/rfal_rfst25r3916.c:501:12:rfalInitialize	16	static
../Core/RFAL/source/st25r3916/rfal_rfst25r3916.c:595:12:rfalCalibrate	16	static
../Core/RFAL/source/st25r3916/rfal_rfst25r3916.c:621:12:rfalAdjustRegulators	24	static
../Core/RFAL/source/st25r3916/rfal_rfst25r3916.c:645:6:rfalSetUpperLayerCallback	16	static
../Core/RFAL/source/st25r3916/rfal_rfst25r3916.c:652:6:rfalSetPreTxRxCallback	16	static
../Core/RFAL/source/st25r3916/rfal_rfst25r3916.c:659:6:rfalSetSyncTxRxCallback	16	static
../Core/RFAL/source/st25r3916/rfal_rfst25r3916.c:666:6:rfalSetPostTxRxCallback	16	static
../Core/RFAL/source/st25r3916/rfal_rfst25r3916.c:673:6:rfalSetLmEonCallback	16	static
../Core/RFAL/source/st25r3916/rfal_rfst25r3916.c:680:12:rfalDeinitialize	8	static
../Core/RFAL/source/st25r3916/rfal_rfst25r3916.c:694:6:rfalSetObsvMode	16	static
../Core/RFAL/source/st25r3916/rfal_rfst25r3916.c:702:6:rfalGetObsvMode	16	static
../Core/RFAL/source/st25r3916/rfal_rfst25r3916.c:717:6:rfalDisableObsvMode	4	static
../Core/RFAL/source/st25r3916/rfal_rfst25r3916.c:725:12:rfalSetMode	16	static
../Core/RFAL/source/st25r3916/rfal_rfst25r3916.c:972:10:rfalGetMode	4	static
../Core/RFAL/source/st25r3916/rfal_rfst25r3916.c:979:12:rfalSetBitRate	40	static
../Core/RFAL/source/st25r3916/rfal_rfst25r3916.c:1133:12:rfalGetBitRate	16	static
../Core/RFAL/source/st25r3916/rfal_rfst25r3916.c:1155:6:rfalSetErrorHandling	16	static
../Core/RFAL/source/st25r3916/rfal_rfst25r3916.c:1181:15:rfalGetErrorHandling	4	static
../Core/RFAL/source/st25r3916/rfal_rfst25r3916.c:1188:6:rfalSetFDTPoll	16	static
../Core/RFAL/source/st25r3916/rfal_rfst25r3916.c:1195:10:rfalGetFDTPoll	4	static
../Core/RFAL/source/st25r3916/rfal_rfst25r3916.c:1202:6:rfalSetFDTListen	16	static
../Core/RFAL/source/st25r3916/rfal_rfst25r3916.c:1209:10:rfalGetFDTListen	4	static
../Core/RFAL/source/st25r3916/rfal_rfst25r3916.c:1216:6:rfalSetGT	16	static
../Core/RFAL/source/st25r3916/rfal_rfst25r3916.c:1223:10:rfalGetGT	4	static
../Core/RFAL/source/st25r3916/rfal_rfst25r3916.c:1230:6:rfalIsGTExpired	8	static
../Core/RFAL/source/st25r3916/rfal_rfst25r3916.c:1244:12:rfalFieldOnAndStartGT	16	static
../Core/RFAL/source/st25r3916/rfal_rfst25r3916.c:1304:12:rfalFieldOff	8	static
../Core/RFAL/source/st25r3916/rfal_rfst25r3916.c:1324:12:rfalStartTransceive	32	static
../Core/RFAL/source/st25r3916/rfal_rfst25r3916.c:1488:6:rfalIsTransceiveInTx	4	static
../Core/RFAL/source/st25r3916/rfal_rfst25r3916.c:1495:6:rfalIsTransceiveInRx	4	static
../Core/RFAL/source/st25r3916/rfal_rfst25r3916.c:1502:12:rfalTransceiveBlockingTx	56	static
../Core/RFAL/source/st25r3916/rfal_rfst25r3916.c:1515:19:rfalTransceiveRunBlockingTx	16	static
../Core/RFAL/source/st25r3916/rfal_rfst25r3916.c:1535:12:rfalTransceiveBlockingRx	16	static
../Core/RFAL/source/st25r3916/rfal_rfst25r3916.c:1550:12:rfalTransceiveBlockingTxRx	48	static
../Core/RFAL/source/st25r3916/rfal_rfst25r3916.c:1568:19:rfalRunTransceiveWorker	8	static
../Core/RFAL/source/st25r3916/rfal_rfst25r3916.c:1602:21:rfalGetTransceiveState	4	static
../Core/RFAL/source/st25r3916/rfal_rfst25r3916.c:1609:12:rfalGetTransceiveStatus	4	static
../Core/RFAL/source/st25r3916/rfal_rfst25r3916.c:1616:12:rfalGetTransceiveRSSI	24	static
../Core/RFAL/source/st25r3916/rfal_rfst25r3916.c:1655:6:rfalIsTransceiveSubcDetected	4	static
../Core/RFAL/source/st25r3916/rfal_rfst25r3916.c:1662:6:rfalWorker	8	static
../Core/RFAL/source/st25r3916/rfal_rfst25r3916.c:1695:13:rfalErrorHandling	16	static
../Core/RFAL/source/st25r3916/rfal_rfst25r3916.c:1792:13:rfalCleanupTransceive	8	static
../Core/RFAL/source/st25r3916/rfal_rfst25r3916.c:1833:13:rfalPrepareTransceive	16	static
../Core/RFAL/source/st25r3916/rfal_rfst25r3916.c:1995:13:rfalTransceiveTx	56	static
../Core/RFAL/source/st25r3916/rfal_rfst25r3916.c:2311:13:rfalTransceiveRx	56	static
../Core/RFAL/source/st25r3916/rfal_rfst25r3916.c:2825:13:rfalFIFOStatusUpdate	8	static
../Core/RFAL/source/st25r3916/rfal_rfst25r3916.c:2835:13:rfalFIFOStatusClear	4	static
../Core/RFAL/source/st25r3916/rfal_rfst25r3916.c:2842:17:rfalFIFOStatusGetNumBytes	16	static
../Core/RFAL/source/st25r3916/rfal_rfst25r3916.c:2855:13:rfalFIFOStatusIsIncompleteByte	8	static
../Core/RFAL/source/st25r3916/rfal_rfst25r3916.c:2863:13:rfalFIFOStatusIsMissingPar	8	static
../Core/RFAL/source/st25r3916/rfal_rfst25r3916.c:2871:16:rfalFIFOGetNumIncompleteBits	8	static
../Core/RFAL/source/st25r3916/rfal_rfst25r3916.c:2881:12:rfalISO14443ATransceiveShortFrame	32	static
../Core/RFAL/source/st25r3916/rfal_rfst25r3916.c:2998:12:rfalISO14443ATransceiveAnticollisionFrame	40	static
../Core/RFAL/source/st25r3916/rfal_rfst25r3916.c:3010:12:rfalISO14443AStartTransceiveAnticollisionFrame	56	static
../Core/RFAL/source/st25r3916/rfal_rfst25r3916.c:3083:12:rfalISO14443AGetTransceiveAnticollisionFrameStatus	16	static
../Core/RFAL/source/st25r3916/rfal_rfst25r3916.c:3130:12:rfalISO15693TransceiveAnticollisionFrame	56	static
../Core/RFAL/source/st25r3916/rfal_rfst25r3916.c:3186:12:rfalISO15693TransceiveEOFAnticollision	40	static
../Core/RFAL/source/st25r3916/rfal_rfst25r3916.c:3194:12:rfalISO15693TransceiveEOF	48	static
../Core/RFAL/source/st25r3916/rfal_rfst25r3916.c:3223:12:rfalFeliCaPoll	40	static
../Core/RFAL/source/st25r3916/rfal_rfst25r3916.c:3235:12:rfalStartFeliCaPoll	48	static
../Core/RFAL/source/st25r3916/rfal_rfst25r3916.c:3289:12:rfalGetFeliCaPollStatus	16	static
../Core/RFAL/source/st25r3916/rfal_rfst25r3916.c:3377:6:rfalIsExtFieldOn	8	static
../Core/RFAL/source/st25r3916/rfal_rfst25r3916.c:3385:12:rfalListenStart	56	static
../Core/RFAL/source/st25r3916/rfal_rfst25r3916.c:3604:19:rfalRunListenModeWorker	24	static
../Core/RFAL/source/st25r3916/rfal_rfst25r3916.c:3969:12:rfalListenStop	8	static
../Core/RFAL/source/st25r3916/rfal_rfst25r3916.c:4005:12:rfalListenSleepStart	24	static
../Core/RFAL/source/st25r3916/rfal_rfst25r3916.c:4098:13:rfalListenGetState	16	static
../Core/RFAL/source/st25r3916/rfal_rfst25r3916.c:4118:12:rfalListenSetState	24	static
../Core/RFAL/source/st25r3916/rfal_rfst25r3916.c:4400:12:rfalWakeUpModeStart	48	static
../Core/RFAL/source/st25r3916/rfal_rfst25r3916.c:4656:6:rfalWakeUpModeHasWoke	4	static
../Core/RFAL/source/st25r3916/rfal_rfst25r3916.c:4663:6:rfalWakeUpModeIsEnabled	4	static
../Core/RFAL/source/st25r3916/rfal_rfst25r3916.c:4670:12:rfalWakeUpModeGetInfo	24	static
../Core/RFAL/source/st25r3916/rfal_rfst25r3916.c:4779:17:rfalWakeUpModeFilter	24	static
../Core/RFAL/source/st25r3916/rfal_rfst25r3916.c:4815:13:rfalRunWakeUpModeWorker	24	static
../Core/RFAL/source/st25r3916/rfal_rfst25r3916.c:5025:12:rfalWakeUpModeStop	8	static
../Core/RFAL/source/st25r3916/rfal_rfst25r3916.c:5064:12:rfalLowPowerModeStart	16	static
../Core/RFAL/source/st25r3916/rfal_rfst25r3916.c:5094:12:rfalLowPowerModeStop	16	static
../Core/RFAL/source/st25r3916/rfal_rfst25r3916.c:5123:12:rfalChipWriteReg	16	static
../Core/RFAL/source/st25r3916/rfal_rfst25r3916.c:5135:12:rfalChipReadReg	16	static
../Core/RFAL/source/st25r3916/rfal_rfst25r3916.c:5147:12:rfalChipExecCmd	16	static
../Core/RFAL/source/st25r3916/rfal_rfst25r3916.c:5159:12:rfalChipWriteTestReg	16	static
../Core/RFAL/source/st25r3916/rfal_rfst25r3916.c:5166:12:rfalChipReadTestReg	16	static
../Core/RFAL/source/st25r3916/rfal_rfst25r3916.c:5173:12:rfalChipChangeRegBits	16	static
../Core/RFAL/source/st25r3916/rfal_rfst25r3916.c:5185:12:rfalChipChangeTestRegBits	16	static
../Core/RFAL/source/st25r3916/rfal_rfst25r3916.c:5193:12:rfalChipSetRFO	16	static
../Core/RFAL/source/st25r3916/rfal_rfst25r3916.c:5200:12:rfalChipGetRFO	24	static
../Core/RFAL/source/st25r3916/rfal_rfst25r3916.c:5216:12:rfalChipSetLMMod	16	static
../Core/RFAL/source/st25r3916/rfal_rfst25r3916.c:5223:12:rfalChipGetLMMod	24	static
../Core/RFAL/source/st25r3916/rfal_rfst25r3916.c:5245:12:rfalChipMeasureAmplitude	24	static
../Core/RFAL/source/st25r3916/rfal_rfst25r3916.c:5286:12:rfalChipMeasurePhase	16	static
../Core/RFAL/source/st25r3916/rfal_rfst25r3916.c:5295:12:rfalChipMeasureCapacitance	16	static
../Core/RFAL/source/st25r3916/rfal_rfst25r3916.c:5304:12:rfalChipMeasurePowerSupply	16	static
../Core/RFAL/source/st25r3916/rfal_rfst25r3916.c:5313:12:rfalChipMeasureIQ	16	static
../Core/RFAL/source/st25r3916/rfal_rfst25r3916.c:5330:12:rfalChipMeasureCombinedIQ	16	static
../Core/RFAL/source/st25r3916/rfal_rfst25r3916.c:5342:12:rfalChipSetAntennaMode	16	static
