../Drivers/CMSIS/Include/core_cm4.h:1679:22:__NVIC_EnableIRQ	16	static,ignoring_inline_asm
../Drivers/CMSIS/Include/core_cm4.h:1717:22:__NVIC_DisableIRQ	16	static,ignoring_inline_asm
../Core/RFAL/source/st25r3916/st25r3916_irq.c:82:6:st25r3916InitInterrupts	4	static
../Core/RFAL/source/st25r3916/st25r3916_irq.c:96:6:st25r3916Isr	8	static
../Core/RFAL/source/st25r3916/st25r3916_irq.c:109:6:st25r3916CheckForReceivedInterrupts	16	static,ignoring_inline_asm
../Core/RFAL/source/st25r3916/st25r3916_irq.c:141:6:st25r3916ModifyInterrupts	32	static
../Core/RFAL/source/st25r3916/st25r3916_irq.c:167:10:st25r3916WaitForInterruptsTimed	24	static,ignoring_inline_asm
../Core/RFAL/source/st25r3916/st25r3916_irq.c:193:10:st25r3916GetInterrupt	24	static,ignoring_inline_asm
../Core/RFAL/source/st25r3916/st25r3916_irq.c:210:6:st25r3916ClearAndEnableInterrupts	16	static
../Core/RFAL/source/st25r3916/st25r3916_irq.c:218:6:st25r3916EnableInterrupts	16	static
../Core/RFAL/source/st25r3916/st25r3916_irq.c:225:6:st25r3916DisableInterrupts	16	static
../Core/RFAL/source/st25r3916/st25r3916_irq.c:231:6:st25r3916ClearInterrupts	16	static,ignoring_inline_asm
../Core/RFAL/source/st25r3916/st25r3916_irq.c:244:6:st25r3916IRQCallbackSet	16	static
../Core/RFAL/source/st25r3916/st25r3916_irq.c:251:6:st25r3916IRQCallbackRestore	4	static
