../Core/RFAL/source/st25r3916/st25r3916.c:113:12:st25r3916Initialize	16	static
../Core/RFAL/source/st25r3916/st25r3916.c:255:6:st25r3916Deinitialize	8	static
../Core/RFAL/source/st25r3916/st25r3916.c:267:12:st25r3916OscOn	8	static
../Core/RFAL/source/st25r3916/st25r3916.c:296:12:st25r3916ExecuteCommandAndGetResult	16	static
../Core/RFAL/source/st25r3916/st25r3916.c:319:9:st25r3916MeasurePowerSupply	24	static
../Core/RFAL/source/st25r3916/st25r3916.c:334:10:st25r3916MeasureVoltage	24	static
../Core/RFAL/source/st25r3916/st25r3916.c:350:12:st25r3916AdjustRegulators	24	static
../Core/RFAL/source/st25r3916/st25r3916.c:383:12:st25r3916MeasureAmplitude	16	static
../Core/RFAL/source/st25r3916/st25r3916.c:390:12:st25r3916MeasurePhase	16	static
../Core/RFAL/source/st25r3916/st25r3916.c:397:12:st25r3916MeasureCapacitance	16	static
../Core/RFAL/source/st25r3916/st25r3916.c:408:12:st25r3916CalibrateCapacitiveSensor	24	static
../Core/RFAL/source/st25r3916/st25r3916.c:440:12:st25r3916SetBitrate	24	static
../Core/RFAL/source/st25r3916/st25r3916.c:471:12:st25r3916PerformCollisionAvoidance	32	static
../Core/RFAL/source/st25r3916/st25r3916.c:547:6:st25r3916SetNumTxBits	16	static
../Core/RFAL/source/st25r3916/st25r3916.c:555:10:st25r3916GetNumFIFOBytes	16	static
../Core/RFAL/source/st25r3916/st25r3916.c:573:9:st25r3916GetNumFIFOLastBits	16	static
../Core/RFAL/source/st25r3916/st25r3916.c:584:10:st25r3916GetNoResponseTime	4	static
../Core/RFAL/source/st25r3916/st25r3916.c:591:12:st25r3916SetNoResponseTime	24	static
../Core/RFAL/source/st25r3916/st25r3916.c:627:12:st25r3916SetStartNoResponseTimer	24	static
../Core/RFAL/source/st25r3916/st25r3916.c:642:6:st25r3916SetGPTime	16	static
../Core/RFAL/source/st25r3916/st25r3916.c:650:12:st25r3916SetStartGPTimer	16	static
../Core/RFAL/source/st25r3916/st25r3916.c:666:6:st25r3916CheckChipID	24	static
../Core/RFAL/source/st25r3916/st25r3916.c:698:12:st25r3916GetRegsDump	24	static
../Core/RFAL/source/st25r3916/st25r3916.c:753:6:st25r3916IsCmdValid	16	static
../Core/RFAL/source/st25r3916/st25r3916.c:772:12:st25r3916StreamConfigure	24	static
../Core/RFAL/source/st25r3916/st25r3916.c:822:12:st25r3916GetRSSI	24	static
../Core/RFAL/source/st25r3916/st25r3916.c:854:12:st25r3916SetAntennaMode	24	static
