../Drivers/CMSIS/Include/core_cm4.h:1679:22:__NVIC_EnableIRQ	16	static,ignoring_inline_asm
../Drivers/CMSIS/Include/core_cm4.h:1717:22:__NVIC_DisableIRQ	16	static,ignoring_inline_asm
../Core/RFAL/source/st25r3916/st25r3916_com.c:178:13:st25r3916comStart	8	static,ignoring_inline_asm
../Core/RFAL/source/st25r3916/st25r3916_com.c:201:13:st25r3916comStop	8	static
../Core/RFAL/source/st25r3916/st25r3916_com.c:218:13:st25r3916comRepeatStart	4	static
../Core/RFAL/source/st25r3916/st25r3916_com.c:227:13:st25r3916comTx	24	static
../Core/RFAL/source/st25r3916/st25r3916_com.c:258:13:st25r3916comRx	16	static
../Core/RFAL/source/st25r3916/st25r3916_com.c:286:13:st25r3916comTxByte	24	static
../Core/RFAL/source/st25r3916/st25r3916_com.c:299:12:st25r3916ReadRegister	16	static
../Core/RFAL/source/st25r3916/st25r3916_com.c:306:12:st25r3916ReadMultipleRegisters	16	static
../Core/RFAL/source/st25r3916/st25r3916_com.c:329:12:st25r3916WriteRegister	24	static
../Core/RFAL/source/st25r3916/st25r3916_com.c:337:12:st25r3916WriteMultipleRegisters	16	static
../Core/RFAL/source/st25r3916/st25r3916_com.c:361:12:st25r3916WriteFifo	16	static
../Core/RFAL/source/st25r3916/st25r3916_com.c:381:12:st25r3916ReadFifo	16	static
../Core/RFAL/source/st25r3916/st25r3916_com.c:398:12:st25r3916WritePTMem	16	static
../Core/RFAL/source/st25r3916/st25r3916_com.c:418:12:st25r3916ReadPTMem	72	static
../Core/RFAL/source/st25r3916/st25r3916_com.c:445:12:st25r3916WritePTMemF	16	static
../Core/RFAL/source/st25r3916/st25r3916_com.c:465:12:st25r3916WritePTMemTSN	16	static
../Core/RFAL/source/st25r3916/st25r3916_com.c:485:12:st25r3916ExecuteCommand	16	static
../Core/RFAL/source/st25r3916/st25r3916_com.c:499:12:st25r3916ReadTestRegister	16	static
../Core/RFAL/source/st25r3916/st25r3916_com.c:513:12:st25r3916WriteTestRegister	24	static
../Core/RFAL/source/st25r3916/st25r3916_com.c:528:12:st25r3916ClrRegisterBits	24	static
../Core/RFAL/source/st25r3916/st25r3916_com.c:548:12:st25r3916SetRegisterBits	24	static
../Core/RFAL/source/st25r3916/st25r3916_com.c:568:12:st25r3916ChangeRegisterBits	16	static
../Core/RFAL/source/st25r3916/st25r3916_com.c:575:12:st25r3916ModifyRegister	24	static
../Core/RFAL/source/st25r3916/st25r3916_com.c:600:12:st25r3916ChangeTestRegisterBits	24	static
../Core/RFAL/source/st25r3916/st25r3916_com.c:625:6:st25r3916CheckReg	24	static
../Core/RFAL/source/st25r3916/st25r3916_com.c:637:6:st25r3916IsRegValid	16	static
